// Vitest Snapshot v1

exports[`CheckboxWithLabel changes the text after click 1`] = `
<body>
  <div>
    <div>
      <input
        id="test"
        type="checkbox"
      />
      <label
        for="test"
      >
        Off
      </label>
    </div>
  </div>
</body>
`;
